GAMS 53.2.0  f9f809f7 Mar 3, 2026           DAX-DAC arm 64bit/macOS - 05/26/26 17:01:32 Page 1
G e n e r a l   A l g e b r a i c   M o d e l i n g   S y s t e m
C o m p i l a t i o n


   1  *  NLP written by GAMS Convert at 07/19/01 13:40:01
   2  *
   3  *  Equation counts
   4  *     Total       E       G       L       N       X
   5  *       109     108       0       1       0       0
   6  *
   7  *  Variable counts
   8  *                 x       b       i     s1s     s2s      sc      si
   9  *     Total    cont  binary integer    sos1    sos2   scont    sint
  10  *       142     142       0       0       0       0       0       0
  11  *  FX     0       0       0       0       0       0       0       0
  12  *
  13  *  Nonzero counts
  14  *     Total   const      NL     DLL
  15  *       729     162     567       0
  16  *
  17  *  Solve m using NLP minimizing objvar;
  18   
 526  Model m / all /;
 527   
 528  m.limrow=0; m.limcol=0;
 529   
 530  Solve m using NLP minimizing objvar;


COMPILATION TIME     =        0.000 SECONDS      2 MB  53.2.0 f9f809f7 DAX-DAC
GAMS 53.2.0  f9f809f7 Mar 3, 2026           DAX-DAC arm 64bit/macOS - 05/26/26 17:01:32 Page 2
G e n e r a l   A l g e b r a i c   M o d e l i n g   S y s t e m
Range Statistics    SOLVE m Using NLP From line 530


RANGE STATISTICS (ABSOLUTE NON-ZERO FINITE VALUES)

RHS       [min, max] : [ 1.000E+02, 6.000E+03] - Zero values observed as well
Bound     [min, max] : [ 1.000E+01, 1.000E+04] - Zero values observed as well
Matrix    [min, max] : [ 3.839E-03, 1.000E+02] - Zero values observed as well

GAMS 53.2.0  f9f809f7 Mar 3, 2026           DAX-DAC arm 64bit/macOS - 05/26/26 17:01:32 Page 3
G e n e r a l   A l g e b r a i c   M o d e l i n g   S y s t e m
Model Statistics    SOLVE m Using NLP From line 530


MODEL STATISTICS

BLOCKS OF EQUATIONS         109     SINGLE EQUATIONS          109
BLOCKS OF VARIABLES         142     SINGLE VARIABLES          142
NON ZERO ELEMENTS           729     NON LINEAR N-Z            567
CODE LENGTH                 966     CONSTANT POOL              19


GENERATION TIME      =        0.003 SECONDS      3 MB  53.2.0 f9f809f7 DAX-DAC
GAMS 53.2.0  f9f809f7 Mar 3, 2026           DAX-DAC arm 64bit/macOS - 05/26/26 17:01:32 Page 4
G e n e r a l   A l g e b r a i c   M o d e l i n g   S y s t e m
Solution Report     SOLVE m Using NLP From line 530


               S O L V E      S U M M A R Y

     MODEL   m                   OBJECTIVE  objvar
     TYPE    NLP                 DIRECTION  MINIMIZE
     SOLVER  POUNCE              FROM LINE  530

**** SOLVER STATUS     2 Iteration Interrupt
**** MODEL STATUS      7 Feasible Solution
**** OBJECTIVE VALUE               -0.8594

 RESOURCE USAGE, LIMIT          2.991 10000000000.000
 ITERATION COUNT, LIMIT      2999    2147483647
 EVALUATION ERRORS             NA             0

--- POUNCE: A Rust Interior-Point Optimizer

  Variables: 141, Constraints: 108, Jacobian NZ: 726
  Hessian NZ: 252
  Reading option file /tmp/pounce_diag_ex8_3_10/pounce.opt
print_level 5
tol 1e-8
max_iter 3000
mu_strategy adaptive
json_output /tmp/pounce_diag_ex8_3_10/ex8_3_10.report.json
json_detail full
POUNCE return code: -1

Number of Iterations....: 2999

                                   (unscaled)
Objective..............:  -8.5940085659106624e-01
Dual infeasibility.....:   3.0876936001097417e-05
Constraint violation...:   7.7875483839306980e-12
Complementarity........:   1.0000000000000004e-11

Total seconds in POUNCE: 2.991

  Wrote JSON solve report to /tmp/pounce_diag_ex8_3_10/ex8_3_10.report.json (detail=full)
  Solve status: 2 (Iteration Interrupt     ), Model status: 7 (Feasible Solution       )

                           LOWER          LEVEL          UPPER         MARGINAL

---- EQU e1                  .              .              .            -1.0000      
---- EQU e2              -100.0000      -100.0000      -100.0000        -0.0034      
---- EQU e3                  .       1.705303E-13          .         -3754.7986      
---- EQU e4                  .       4.044660E-14          .          5117.2100      
---- EQU e5                  .       -5.68434E-14          .         -3754.7986      
---- EQU e6                  .       3.575115E-14          .             0.0090      
---- EQU e7                  .       -2.84217E-14          .         -3754.7986      
---- EQU e8                  .       3.089746E-13          .          3754.8031      
---- EQU e9                  .       4.547474E-13          .         -7824.4529      
---- EQU e10                 .       4.547474E-13          .         -2115.8722      
---- EQU e11                 .              .              .         -3445.0179      
---- EQU e12                 .       4.547474E-13          .          9019.4396      
---- EQU e13                 .       -1.23917E-12          .         -5117.2056      
---- EQU e14                 .       -4.54747E-13          .         10648.1314      
---- EQU e15                 .       4.547474E-13          .          2826.0505      
---- EQU e16                 .       1.136868E-13          .          5014.4389      
---- EQU e17                 .       9.094947E-13          .        -12357.8850      
---- EQU e18                 .       3.089874E-13          .          3754.8031      
---- EQU e19                 .       -4.54747E-13          .         -7824.4529      
---- EQU e20                 .       -9.09495E-13          .         -2115.8722      
---- EQU e21                 .              .              .         -3445.0179      
---- EQU e22                 .       -4.54747E-13          .          9019.4396      
---- EQU e23                 .       -2.84217E-14          .            -0.0056      
---- EQU e24                 .       -7.10543E-15          .            -0.0122      
---- EQU e25                 .              .              .            -0.0548      
---- EQU e26                 .       1.421085E-14          .            -0.0129      
---- EQU e27                 .              .              .       1.289900E-10      
---- EQU e28                 .       3.089864E-13          .          3754.8031      
---- EQU e29                 .              .              .         -7824.4529      
---- EQU e30                 .              .              .         -2115.8722      
---- EQU e31                 .       -2.27374E-13          .         -3445.0179      
---- EQU e32                 .              .              .          9019.4396      
---- EQU e33                 .              .              .         -3754.7986      
---- EQU e34                 .       5.684342E-14          .          5117.2100      
---- EQU e35                 .       1.136868E-13          .         -3754.7986      
---- EQU e36                 .              .              .             0.0090      
---- EQU e37                 .              .              .         -3754.7986      
---- EQU e38                 .              .              .          3754.8031      
---- EQU e39                 .              .              .         -7824.4529      
---- EQU e40                 .       -4.54747E-13          .         -2115.8722      
---- EQU e41                 .       2.273737E-13          .         -3445.0179      
---- EQU e42                 .       -4.54747E-13          .          9019.4396      
---- EQU e43                 .              .              .         -5117.2056      
---- EQU e44                 .       4.547474E-13          .         10648.1314      
---- EQU e45                 .       -4.54747E-13          .          2826.0505      
---- EQU e46                 .       2.273737E-13          .          5014.4389      
---- EQU e47                 .       -4.54747E-13          .        -12357.8850      
---- EQU e48                 .              .              .          3754.8031      
---- EQU e49                 .       4.547474E-13          .         -7824.4529      
---- EQU e50                 .       9.094947E-13          .         -2115.8722      
---- EQU e51                 .       4.547474E-13          .         -3445.0179      
---- EQU e52                 .              .              .          9019.4396      
---- EQU e53                 .       -7.78755E-12          .            -0.0056      
---- EQU e54                 .       6.039613E-13          .            -0.0122      
---- EQU e55                 .       7.531753E-13          .            -0.0548      
---- EQU e56                 .       1.335820E-12          .            -0.0129      
---- EQU e57                 .       4.263256E-12          .       1.288997E-10      
---- EQU e58                 .              .              .          3754.8031      
---- EQU e59                 .              .              .         -7824.4529      
---- EQU e60                 .              .              .         -2115.8722      
---- EQU e61                 .       2.273737E-13          .         -3445.0179      
---- EQU e62                 .       -4.54747E-13          .          9019.4396      
---- EQU e63                 .       4.440892E-16          .       -4.22173E-10      
---- EQU e64                 .              .              .       4.908144E-10      
---- EQU e65                 .              .              .       -4.21900E-10      
---- EQU e66                 .       -2.01228E-16          .            31.2550      
---- EQU e67                 .              .              .       -4.22012E-10      
---- EQU e68                 .       4.440892E-16          .       4.285145E-10      
---- EQU e69                 .              .              .       -5.79705E-10      
---- EQU e70                 .       4.440892E-16          .       4.281413E-10      
---- EQU e71                 .       2.567391E-16          .           -40.6926      
---- EQU e72                 .       4.440892E-16          .       4.282945E-10      
---- EQU e73                 .              .              .       3.446079E-10      
---- EQU e74                 .              .              .       -4.00382E-10      
---- EQU e75                 .       5.551115E-17          .       3.443808E-10      
---- EQU e76                 .       -3.46945E-18          .             4.1330      
---- EQU e77                 .       5.551115E-17          .       3.444740E-10      
---- EQU e78                 .       -3.33067E-16          .       7.313164E-11      
---- EQU e79                 .              .              .       3.107344E-10      
---- EQU e80                 .       -2.22045E-16          .       7.337918E-11      
---- EQU e81                 .       5.976122E-16          .          -161.4829      
---- EQU e82                 .              .              .       7.327758E-11      
---- EQU e83                 .       2.220446E-16          .       6.018366E-10      
---- EQU e84                 .       -1.11022E-16          .       -7.77253E-10      
---- EQU e85                 .       1.110223E-16          .       6.013375E-10      
---- EQU e86                 .       1.121350E-15          .          -242.8681      
---- EQU e87                 .              .              .       6.015423E-10      
---- EQU e88                 .       -2.22045E-16          .       -2.92108E-10      
---- EQU e89                 .              .              .       9.608258E-11      
---- EQU e90                 .              .              .       -2.91881E-10      
---- EQU e91                 .       3.469447E-18          .            -4.1330      
---- EQU e92                 .       -2.22045E-16          .       -2.91974E-10      
---- EQU e93                 .       1.387779E-17          .       1.732936E-10      
---- EQU e94                 .              .              .       -6.40773E-10      
---- EQU e95                 .              .              .       1.730461E-10      
---- EQU e96                 .       -6.08237E-16          .           161.4829      
---- EQU e97                 .              .              .       1.731477E-10      
---- EQU e98                 .       7.138308E-14          .             0.4315      
---- EQU e99                 .       2.499619E-14          .             0.3911      
---- EQU e100                .       7.138308E-14          .             0.4315      
---- EQU e101                .       -4.26326E-14          .       1.086408E-10      
---- EQU e102                .       -1.38821E-14          .             0.4315      
---- EQU e103                .              .              .       4.607270E-14      
---- EQU e104                .              .              .       -4.99862E-12      
---- EQU e105                .       -8.88178E-16          .       -2.03349E-12      
---- EQU e106                .       1.776357E-15          .            -0.0740      
---- EQU e107                .              .              .             0.0636      
---- EQU e108                .              .              .       7.157369E-13      
---- EQU e109              -INF         5576.2744      6000.0000   -3.087694E-5      

                           LOWER          LEVEL          UPPER         MARGINAL

---- VAR objvar            -INF           -0.8594        +INF             .          
---- VAR x2                  .       -3.08975E-13      1000.0000         0.0010      
---- VAR x3                  .       3.296709E-13      1000.0000         0.0010      
---- VAR x4                  .       -3.08987E-13      1000.0000         0.0010      
---- VAR x5                  .           100.0000      1000.0000   8.888889E-14      
---- VAR x6                  .       -3.08986E-13      1000.0000         0.0010      
---- VAR x7                  .           673.8129      1000.0000   -1.58163E-14      
---- VAR x8                  .           500.2106      1000.0000   -1.68441E-17      
---- VAR x9                  .           673.8547      1000.0000   -1.58212E-14      
---- VAR x10                 .           579.3677      1000.0000   -6.51353E-15      
---- VAR x11                 .           673.8576      1000.0000   -1.58215E-14      
---- VAR x12                 .             8.3097        10.0000   -4.71285E-12      
---- VAR x13                 .             4.7130        10.0000   2.303991E-13      
---- VAR x14                 .             5.6936        10.0000   -5.65742E-13      
---- VAR x15                 .             1.8885        10.0000   4.062438E-12      
---- VAR x16                 .             3.1024        10.0000   1.773531E-12      
---- VAR x17                 .             9.8846        10.0000   -8.56712E-11      
---- VAR x18                 .             7.1129        10.0000   -2.05777E-12      
---- VAR x19                 .             4.2413        10.0000   6.212287E-13      
---- VAR x20                 .             1.9729        10.0000   3.822888E-12      
---- VAR x21                 .             4.2203        10.0000   6.392988E-13      
---- VAR x22                 .             8.3097        10.0000   -4.71285E-12      
---- VAR x23                 .             4.7130        10.0000   2.303991E-13      
---- VAR x24                 .             5.6936        10.0000   -5.65742E-13      
---- VAR x25                 .             1.8885        10.0000   4.062438E-12      
---- VAR x26                 .             3.1024        10.0000   1.773531E-12      
---- VAR x27                 .             0.1966        10.0000   4.985373E-11      
---- VAR x28                 .             0.0535        10.0000   1.859610E-10      
---- VAR x29                 .             0.0960        10.0000   1.031042E-10      
---- VAR x30                 .             0.1118        10.0000   8.846431E-11      
---- VAR x31                 .             0.4461        10.0000   2.137030E-11      
---- VAR x32                 .             8.3097        10.0000   -4.71285E-12      
---- VAR x33                 .             4.7130        10.0000   2.303991E-13      
---- VAR x34                 .             5.6936        10.0000   -5.65742E-13      
---- VAR x35                 .             1.8885        10.0000   4.062438E-12      
---- VAR x36                 .             3.1024        10.0000   1.773531E-12      
---- VAR x37                 .           673.8129      1000.0000   -1.58163E-14      
---- VAR x38                 .           500.2106      1000.0000   -1.68441E-17      
---- VAR x39                 .           673.8547      1000.0000   -1.58212E-14      
---- VAR x40                 .           579.3677      1000.0000   -6.51353E-15      
---- VAR x41                 .           673.8576      1000.0000   -1.58215E-14      
---- VAR x42                 .             8.3097        10.0000   -4.71285E-12      
---- VAR x43                 .             4.7130        10.0000   2.303991E-13      
---- VAR x44                 .             5.6936        10.0000   -5.65742E-13      
---- VAR x45                 .             1.8885        10.0000   4.062438E-12      
---- VAR x46                 .             3.1024        10.0000   1.773531E-12      
---- VAR x47                 .             9.8846        10.0000   -8.56712E-11      
---- VAR x48                 .             7.1129        10.0000   -2.05777E-12      
---- VAR x49                 .             4.2413        10.0000   6.212287E-13      
---- VAR x50                 .             1.9729        10.0000   3.822888E-12      
---- VAR x51                 .             4.2203        10.0000   6.392988E-13      
---- VAR x52                 .             8.3097        10.0000   -4.71285E-12      
---- VAR x53                 .             4.7130        10.0000   2.303991E-13      
---- VAR x54                 .             5.6936        10.0000   -5.65742E-13      
---- VAR x55                 .             1.8885        10.0000   4.062438E-12      
---- VAR x56                 .             3.1024        10.0000   1.773531E-12      
---- VAR x57                 .             0.0290        10.0000   3.442794E-10      
---- VAR x58                 .             0.0646        10.0000   1.536891E-10      
---- VAR x59                 .             0.1161        10.0000   8.513193E-11      
---- VAR x60                 .             0.1351        10.0000   7.301826E-11      
---- VAR x61                 .             0.5391        10.0000   1.749079E-11      
---- VAR x62                 .             8.3097        10.0000   -4.71285E-12      
---- VAR x63                 .             4.7130        10.0000   2.303991E-13      
---- VAR x64                 .             5.6936        10.0000   -5.65742E-13      
---- VAR x65                 .             1.8885        10.0000   4.062438E-12      
---- VAR x66                 .             3.1024        10.0000   1.773531E-12      
---- VAR x67                 .           224.6324      1000.0000   3.162006E-14      
---- VAR x68                 .       8.688451E-15      1000.0000         0.0010      
---- VAR x69                 .           224.6568      1000.0000   3.161483E-14      
---- VAR x70                 .       9.9231198E-9      1000.0000         0.0005      
---- VAR x71                 .           224.5236      1000.0000   3.164344E-14      
---- VAR x72                 .       -2.74538E-14      1000.0000         0.0010      
---- VAR x73                 .           500.2106      1000.0000   -1.68441E-17      
---- VAR x74                 .       -2.74894E-14      1000.0000         0.0010      
---- VAR x75                 .       9.9506748E-9      1000.0000         0.0005      
---- VAR x76                 .       -2.75372E-14      1000.0000         0.0010      
---- VAR x77                 .           224.4866      1000.0000   3.165141E-14      
---- VAR x78                 .       8.706530E-15      1000.0000         0.0010      
---- VAR x79                 .           224.5733      1000.0000   3.163276E-14      
---- VAR x80                 .       9.9231198E-9      1000.0000         0.0005      
---- VAR x81                 .           224.7948      1000.0000   3.158521E-14      
---- VAR x82                 .       2.612662E-13      1000.0000         0.0010      
---- VAR x83                 .       -4.55925E-13      1000.0000         0.0010      
---- VAR x84                 .       2.612530E-13      1000.0000         0.0010      
---- VAR x85                 .           479.3677      1000.0000   1.653401E-15      
---- VAR x86                 .       2.612605E-13      1000.0000         0.0010      
---- VAR x87                 .           224.6939      1000.0000   3.160687E-14      
---- VAR x88                 .       8.868365E-15      1000.0000         0.0010      
---- VAR x89                 .           224.6245      1000.0000   3.162176E-14      
---- VAR x90                 .       9.9231199E-9      1000.0000         0.0005      
---- VAR x91                 .           224.5392      1000.0000   3.164009E-14      
---- VAR x92                 .       -9.923170E-9      1000.0000         0.1302      
---- VAR x93                 .       -9.950645E-9      1000.0000         0.2026      
---- VAR x94                 .       -9.923170E-9      1000.0000         0.1302      
---- VAR x95                 .           100.0000      1000.0000   8.888889E-14      
---- VAR x96                 .       -9.923170E-9      1000.0000         0.1302      
---- VAR x97                 .           100.0000      1000.0000   8.888889E-14      
---- VAR x98                 .             0.0290        10.0000   3.442794E-10      
---- VAR x99                 .             0.0646        10.0000   1.536891E-10      
---- VAR x100                .             0.1161        10.0000   8.513193E-11      
---- VAR x101                .             0.1351        10.0000   7.301826E-11      
---- VAR x102                .             0.5391        10.0000   1.749079E-11      
---- VAR x103                .       -6.72863E-14     10000.0000         0.0010      
---- VAR x104                .       -6.09737E-14     10000.0000         0.0010      
---- VAR x105                .       -6.72344E-14     10000.0000         0.0010      
---- VAR x106                .          5576.2744     10000.0000   -4.67226E-16      
---- VAR x107                .       -6.72557E-14     10000.0000         0.0010      
---- VAR x108                .             2.7741     10000.0000   3.603741E-12      
---- VAR x109                .             2.2176     10000.0000   4.508337E-12      
---- VAR x110                .             0.2821     10000.0000   3.544246E-11      
---- VAR x111                .             0.6761     10000.0000   1.479021E-11      
---- VAR x112                .             0.6628     10000.0000   1.508744E-11      
---- VAR x113                .             1.3868     10000.0000   7.209920E-12      
---- VAR x114                .             0.0679     10000.0000   1.471970E-10      
---- VAR x115                .             3.2999     10000.0000   3.029406E-12      
---- VAR x116                .             2.6379     10000.0000   3.789875E-12      
---- VAR x117                .             0.2948     10000.0000   3.392583E-11      
---- VAR x118                .             0.7379     10000.0000   1.355146E-11      
---- VAR x119                .             0.9378     10000.0000   1.066245E-11      
---- VAR x120                .             2.0930     10000.0000   4.776906E-12      
---- VAR x121                .             0.0506     10000.0000   1.975974E-10      
---- VAR x122                .             2.7741     10000.0000   3.603741E-12      
---- VAR x123                .             2.2176     10000.0000   4.508337E-12      
---- VAR x124                .             0.2821     10000.0000   3.544246E-11      
---- VAR x125                .             0.6761     10000.0000   1.479021E-11      
---- VAR x126                .             0.6628     10000.0000   1.508744E-11      
---- VAR x127                .             1.3868     10000.0000   7.209920E-12      
---- VAR x128                .             0.0679     10000.0000   1.471970E-10      
---- VAR x129                .             0.0097     10000.0000   1.0342730E-9      
---- VAR x130                .             0.0077     10000.0000   1.2938198E-9      
---- VAR x131                .             0.0202     10000.0000   4.955272E-10      
---- VAR x132                .             0.0035     10000.0000   2.8911288E-9      
---- VAR x133                .       8.0506674E-6     10000.0000   1.2405921E-6      
---- VAR x134                .             0.0190     10000.0000   5.257273E-10      
---- VAR x135                .             0.0014     10000.0000   7.2194980E-9      
---- VAR x136                .             2.7741     10000.0000   3.603741E-12      
---- VAR x137                .             2.2176     10000.0000   4.508337E-12      
---- VAR x138                .             0.2821     10000.0000   3.544246E-11      
---- VAR x139                .             0.6761     10000.0000   1.479021E-11      
---- VAR x140                .             0.6628     10000.0000   1.508744E-11      
---- VAR x141                .             1.3868     10000.0000   7.209920E-12      
---- VAR x142                .             0.0679     10000.0000   1.471970E-10      


**** REPORT SUMMARY :        0     NONOPT
                             0 INFEASIBLE
                             0  UNBOUNDED
                             0     ERRORS


EXECUTION TIME       =        3.013 SECONDS      3 MB  53.2.0 f9f809f7 DAX-DAC


USER: Floating Network License                       G260106+0003Ac-GEN
      Carnegie Mellon University Dept. of Chemical Engineering /DCE5111
      License for teaching and research at degree granting institutions


**** FILE SUMMARY

Input      /tmp/pounce_diag_ex8_3_10/ex8_3_10.gms
Output     /tmp/pounce_diag_ex8_3_10/ex8_3_10.lst
